=== ExecutiveDashboard_dev -> cr2bf_dactest deploy ===
org:     https://org9076e69b.crm.dynamics.com
slice:   the registry of totals that belong to the preparer, one denominator for the G percentages on load, blur and save, the populated-year workbook marker read from derivability, and a recompute that is no longer billed to the operator -- CLCPA-293, CLCPA-319, CLCPA-320, CLCPA-302
files:   app.js, styles.css, ExecutiveDashboard.html

PRE-FLIGHT 0  self-check: helpers present, 4 declared tickets, 5 commits, 3 resources,
              7 app symbols across 4 tickets + 0 stylesheet symbols across 0.
              PROSE AUDIT: no undeclared build id, commit or ticket anywhere in this file.
PRE-FLIGHT 1  branch = main, HEAD = 3b443c3
              source folder clean, so the pushed bytes are exactly 3b443c3.
              ancestor: b5aa994  the B7 registry of preparer totals, and its second surface
              ancestor: 0893352  the registry document and the ruling on the nominees, records only
              ancestor: a8217d9  one denominator for load, blur and save
              ancestor: 93ccbd3  the populated-year workbook marker, read from derivability
              ancestor: 7f6a96a  one reader for which cells belong to the operator
              local main == remote main == 3b443c3.
              HEAD is the merge commit the ids were derived from.
PRE-FLIGHT 2  app.js parses.
PRE-FLIGHT 3  BUILD IDS (content hashes; the client must report the app.js one):
                 app.js      33f7d69a27
                 styles.css  9039bfc509
              both match what DEPLOY declares for this wave.
              ok  CLCPA-293
              ok  CLCPA-319
              ok  CLCPA-320
              ok  CLCPA-302
PRE-FLIGHT 3b all 4 ticket groups verified in the COMMITTED BLOB (7 symbols), 0 NUL bytes.
              and the STYLESHEET half: 0 symbols across 0 ticket group(s) verified in the committed styles.css.
PRE-FLIGHT 3c all 96 suites green, 6928 assertions.
PRE-FLIGHT 3d snapshot directory is absent, so the archive will be created.
PRE-FLIGHT 4  stamps applied in memory, both present, no stale third stamp.
              Nothing on disk is modified.

Nothing above touched the network. Requesting the device code now.


################  ACTION NEEDED  ################
  Open:  https://login.microsoft.com/device
  Code:  AT6ZBZJVU
#################################################

Waiting for authorization (up to 15 min)...
Authorized.

signed in as: Emely Gabriela Rodriguez Severino <Emely@clarafortuna.com>

id 79151fe9-3c64-f111-ab0c-7c1e521c7110 resolves to: cr2bf_dactest/app.js
id 7b151fe9-3c64-f111-ab0c-7c1e521c7110 resolves to: cr2bf_dactest/styles.css
id 77151fe9-3c64-f111-ab0c-7c1e521c7110 resolves to: cr2bf_dactest/ExecutiveDashboard.html
GATE  all three ids resolve to the expected names.

WILL PUSH  app.js   deployed=1365288B  local=1384312B
unchanged  styles.css   deployed=286866B  local=286866B
WILL PUSH  ExecutiveDashboard.html   deployed=4080B  local=4080B  (same length, different bytes)

PRE-FLIGHT 3b DIFFERENTIAL, live org bytes against the merged tree:
  app.js                    MOVES  1365288B -> 1384312B
      live f19d81fcb14376fc   new 841a5015df8a59d9
  styles.css                same   286866B -> 286866B
      live 9039bfc5093de9cc   new 9039bfc5093de9cc
  ExecutiveDashboard.html   MOVES  4080B -> 4080B
      live 8d3299a63f07d60b   new 592a072bd18657cd
  what moves: app.js, ExecutiveDashboard.html

PROVENANCE of the archive, read from the ORG:
  app.js APP_BUILD stamp        : bf2b92af29
  app.js canonicalised + hashed : bf2b92af29
  expected previous app.js      : bf2b92af29
  styles.css LIVE (to replace)  : 9039bfc509   expected 9039bfc509
  -> all agree. The archive holds bf2b92af29 + 9039bfc509.

        2 of 3 will be replaced: app.js, ExecutiveDashboard.html

