=== ExecutiveDashboard_dev -> cr2bf_dactest deploy ===
org: https://org9076e69b.crm.dynamics.com
slice: CLCPA-248 round 3 (the compare rule wins by SPECIFICITY, and the
       colgroup finally governs: it never did on screen)
files: app.js, styles.css, ExecutiveDashboard.html

PRE-FLIGHT 0  this script self-checks: helpers present and self-tested,
              constants set, 3 resources, 10 ticket symbols to count.
PRE-FLIGHT 1  branch = main, HEAD = 300414b
              source folder clean, so the pushed bytes are exactly 300414b.
              and e66a5e8, the CLCPA-248 round-3 commit, is an ancestor of HEAD.
PRE-FLIGHT 2  app.js parses.
PRE-FLIGHT 3  BUILD IDS (content hashes; the client must report the app.js one):
                 app.js      9a59621784
                 styles.css  724e445011
              both match the ids approved in advance.
PRE-FLIGHT 3b styles.css: 3 selectors counted on both sides. The one-class form is GONE (1 -> 0)
              and the two-class form is present (0 -> 1), so the rule now
              wins on specificity rather than on being later in the file.
PRE-FLIGHT 3b all 10 ticket symbols verified in the COMMITTED BLOB, 0 NUL bytes,
              each counted against BASE cd149ff so it distinguishes the two builds.
PRE-FLIGHT 3c all 31 suites green.
PRE-FLIGHT 3d snapshot directory is absent, so the archive will be created.
PRE-FLIGHT 4  stamps applied in memory, both verified present and no stale
              third stamp left behind. Nothing on disk is modified.

Nothing above touched the network. Requesting the device code now.


################  ACTION NEEDED  ################
  Open:  https://login.microsoft.com/device
  Code:  FUEQT8PG9
#################################################

Waiting for authorization (up to 15 min)...
Authorized.

signed in as: Emely Gabriela Rodriguez Severino <Emely@clarafortuna.com>

id 79151fe9-3c64-f111-ab0c-7c1e521c7110 resolves to: cr2bf_dactest/app.js
id 7b151fe9-3c64-f111-ab0c-7c1e521c7110 resolves to: cr2bf_dactest/styles.css
id 77151fe9-3c64-f111-ab0c-7c1e521c7110 resolves to: cr2bf_dactest/ExecutiveDashboard.html
GATE  all three ids resolve to the expected names.

WILL PUSH  app.js   deployed=1159197B  local=1161456B
WILL PUSH  styles.css   deployed=273334B  local=274262B
WILL PUSH  ExecutiveDashboard.html   deployed=4080B  local=4080B  (same length, different bytes)

PROVENANCE of the archive:
  app.js APP_BUILD stamp        : 57920c861d
  app.js canonicalised + hashed : 57920c861d
  expected previous build       : 57920c861d
  styles.css id (cross-check)   : d86e7b952e
  -> all three agree. The archive holds 57920c861d.

        3 of 3 will be replaced: app.js, styles.css, ExecutiveDashboard.html

