=== ExecutiveDashboard_dev -> cr2bf_dactest deploy ===
org:     https://org9076e69b.crm.dynamics.com
slice:   the wave-3 rounds and the editor two-level header -- CLCPA-274, CLCPA-281, CLCPA-278
files:   app.js, styles.css, ExecutiveDashboard.html

PRE-FLIGHT 0  self-check: helpers present, 3 declared tickets, 5 commits, 3 resources,
              15 app symbols across 3 tickets + 0 stylesheet symbols across 0.
              PROSE AUDIT: no undeclared build id, commit or ticket anywhere in this file.
PRE-FLIGHT 1  branch = main, HEAD = 29c1c13
              source folder clean, so the pushed bytes are exactly 29c1c13.
              ancestor: 771e008  CLCPA-274 round 3: the sub-header belongs to the table, not the year
              ancestor: 72f1591  CLCPA-281: the editor draws both header levels
              ancestor: 6a3d6ed  CLCPA-278 round 3: bareNumber is the one reader for adding a row up
              ancestor: 1bb8d5a  harness: the three round-3 mutation runners and the sweep remediation
              ancestor: 29c1c13  records: the store measurement and its 2098/2099 residue entry
              local main == remote main == 29c1c13.
              HEAD is the merge commit the ids were derived from.
PRE-FLIGHT 2  app.js parses.
PRE-FLIGHT 3  BUILD IDS (content hashes; the client must report the app.js one):
                 app.js      fcc9fa30bd
                 styles.css  2b9651445c
              both match what DEPLOY declares for this wave.
              ok  CLCPA-274
              ok  CLCPA-281
              ok  CLCPA-278
PRE-FLIGHT 3b all 3 ticket groups verified in the COMMITTED BLOB (15 symbols), 0 NUL bytes.
              and the STYLESHEET half: 0 symbols across 0 ticket group(s) verified in the committed styles.css.
PRE-FLIGHT 3c all 63 suites green, 5683 assertions.
PRE-FLIGHT 3d snapshot directory is absent, so the archive will be created.
PRE-FLIGHT 4  stamps applied in memory, both present, no stale third stamp.
              Nothing on disk is modified.

Nothing above touched the network. Requesting the device code now.


################  ACTION NEEDED  ################
  Open:  https://login.microsoft.com/device
  Code:  FK4JRTTLF
#################################################

Waiting for authorization (up to 15 min)...
Authorized.

signed in as: Emely Gabriela Rodriguez Severino <Emely@clarafortuna.com>

id 79151fe9-3c64-f111-ab0c-7c1e521c7110 resolves to: cr2bf_dactest/app.js
id 7b151fe9-3c64-f111-ab0c-7c1e521c7110 resolves to: cr2bf_dactest/styles.css
id 77151fe9-3c64-f111-ab0c-7c1e521c7110 resolves to: cr2bf_dactest/ExecutiveDashboard.html
GATE  all three ids resolve to the expected names.

WILL PUSH  app.js   deployed=1258189B  local=1265466B
unchanged  styles.css   deployed=285220B  local=285220B
WILL PUSH  ExecutiveDashboard.html   deployed=4080B  local=4080B  (same length, different bytes)

PROVENANCE of the archive, read from the ORG:
  app.js APP_BUILD stamp        : 3b20bdbd6d
  app.js canonicalised + hashed : 3b20bdbd6d
  expected previous app.js      : 3b20bdbd6d
  styles.css LIVE (to replace)  : 2b9651445c   expected 2b9651445c
  -> all agree. The archive holds 3b20bdbd6d + 2b9651445c.

        2 of 3 will be replaced: app.js, ExecutiveDashboard.html

ROLLBACK  snapshot committed as b0ee872
          remote main = b0ee872  VERIFIED
          the rollback is durable off this machine. Proceeding to write.

PATCH webresourceset(79151fe9-3c64-f111-ab0c-7c1e521c7110)  <- app.js (1265466B)
PATCH webresourceset(77151fe9-3c64-f111-ab0c-7c1e521c7110)  <- ExecutiveDashboard.html (4080B)
POST PublishXml for 2 resource(s)  (one call, all of them)
published.

READ-BACK app.js  1265466B  sha256 ce304ea5a338ba92...  VERIFIED byte-identical
READ-BACK styles.css  285220B  sha256 2b9651445cb2bce5...  VERIFIED byte-identical
READ-BACK ExecutiveDashboard.html  4080B  sha256 e16122e9fdb771ee...  VERIFIED byte-identical

SERVER-SIDE STAMPS:
  app.js APP_BUILD              : fcc9fa30bd  ok
  app.js canonicalised + hashed : fcc9fa30bd  ok
  styles.css hashed             : 2b9651445c  ok
  HTML references app.js?v=     : fcc9fa30bd  ok
  HTML references styles.css?v= : 2b9651445c  ok
  all 3 app ticket groups and 0 stylesheet symbols across 0 group(s) present in the SERVER copy.

=== DEPLOY COMPLETE ===
slice            : the wave-3 rounds and the editor two-level header -- CLCPA-274, CLCPA-281, CLCPA-278
build id (app.js): fcc9fa30bd
styles.css id    : 2b9651445c   (replaced 2b9651445c)
previous build   : 3b20bdbd6d, archived and pushed before any write
source           : ExecutiveDashboard_dev/ at main @ 29c1c13
requests: GET 11, PATCH 2, POST 1

CLIENT CHECK, and it is not optional: server-verified is not client-running.
Hard-refresh the app and confirm the console prints
   [DAC dashboard] build fcc9fa30bd

THE ACCEPTANCE PASS:
  CLCPA-274  THE TEMPLATE CARRIES ITS SUB-HEADER ON ANY YEAR.
     Download F6s template for a USER-ADDED year that already holds saved
     rows -- that is the shape round 2 never tested. Row 2 must read the
     four sub-labels, not the first data row. Check a seed year too, and
     A9 and A10, which borrow their sub-header the same way.
  CLCPA-281  THE EDITOR GRID SHOWS BOTH HEADER LEVELS.
     Open F6 in Report Data. The grid must now have TWO header rows, the
     group spans over the sub-labels, so the four value columns can be told
     apart. A9 and A10 the same. Then EDIT A CELL and confirm the change
     lands on the row you typed in: the header row left the body, and the
     indices every handler uses must not have shifted. H1 and D1 must look
     exactly as they did.
  CLCPA-278  A TOTAL FOLLOWS ITS COMPONENTS EVEN FROM AN IMPORTED YEAR.
     On a user-added year, find a row whose Grand Total equals its parts
     and edit one part DIGIT BY DIGIT. The total must follow. This is the
     gesture that failed twice: the cause was never the year, it was a
     component stored as a numeric STRING, which the engine now reads.
     Then take a row whose total already disagrees, or one holding a
     percent like 33%, and edit a part: that total must be KEPT and the
     advisory raised. Nothing computed over a figure the engine cannot
     derive.

STILL DISCLOSED, not defects in this build:
  - THE 44 CELLS, accepted by ruling and named in the CLCPA-224 residue.
  -    A3 and A4 for 2098 hold 44 numeric-looking STRINGS in column 1 --
  -    parallel-audit scaffolding. Under the previous build the sum engine
  -    could not see them; under this one it can, so totals, reconciliation
  -    advisories and consistency judgements on those two table-years may
  -    move. By how much is NOT measured. Read from the org on 2026-09-18,
  -    every cell listed in tickets/org-reads-evidence.
  - A TWO-LEVEL TABLE STILL CANNOT ROUND-TRIP THROUGH A SINGLE-ROW CSV
  -    HEADER: A9s headings genuinely span two rows. Unchanged by this wave,
  -    filed as CLCPA-282.
  - THE REMOVE-YEAR CONTROL asks the composed payload whether a year holds
  -    data, not the store. Unchanged by this wave, filed as CLCPA-283.
  - PRE-EXISTING: on a fresh A8 the CLCPA-240 bootstrap would compute 283,852
  -    into the grand total whose real figure is 336,599. Queued behind
  -    Section Hs closure.
  - The stylesheet does NOT move in this wave: app.js alone changes.

=== log written by deploy_wave3_rounds.js ===
