=== ExecutiveDashboard_dev -> cr2bf_dactest deploy ===
org: https://org9076e69b.crm.dynamics.com
slice: CLCPA-223 round 2 (not-available card centred; applyOperatorGate exposed)
files: app.js, styles.css, ExecutiveDashboard.html

PRE-FLIGHT 0  this script self-checks: helpers present, constants set, 3 resources.
PRE-FLIGHT 1  branch = main, HEAD = 4117a0e
              source folder clean, so the pushed bytes are exactly 4117a0e.
PRE-FLIGHT 2  app.js parses.
PRE-FLIGHT 3  BUILD IDS (content hashes; the client must report the app.js one):
                 app.js      af6177db2f
                 styles.css  2cfff3a988
              -> ExecutiveDashboard.html references them as ?v=<id>
              -> app.js will print "[DAC dashboard] build af6177db2f" at boot
PRE-FLIGHT 4  stamps applied in memory (nothing on disk is modified).

Nothing above touched the network. Requesting the device code now.


################  ACTION NEEDED  ################
  Open:  https://login.microsoft.com/device
  Code:  E4D4D5V79
#################################################

Waiting for authorization (up to 15 min)...
Authorized.

WhoAmI UserId = 44d1f3d9-8f03-f111-8408-00224831be5d
signed in as: Emely Gabriela Rodriguez Severino <Emely@clarafortuna.com>

id 79151fe9-3c64-f111-ab0c-7c1e521c7110 resolves to: cr2bf_dactest/app.js
id 7b151fe9-3c64-f111-ab0c-7c1e521c7110 resolves to: cr2bf_dactest/styles.css
id 77151fe9-3c64-f111-ab0c-7c1e521c7110 resolves to: cr2bf_dactest/ExecutiveDashboard.html
GATE  all three ids resolve to the expected names.

WILL PUSH  app.js   deployed=950141B  local=950533B
WILL PUSH  styles.css   deployed=263527B  local=264212B
WILL PUSH  ExecutiveDashboard.html   deployed=4462B  local=4462B

BACKUP  live bytes archived to deploy-backups/2026-09-05-clcpa-223-round2-centre-expose/
        3 of 3 will be replaced: app.js, styles.css, ExecutiveDashboard.html

PATCH webresourceset(79151fe9-3c64-f111-ab0c-7c1e521c7110)  <- app.js (950533B)
PATCH webresourceset(7b151fe9-3c64-f111-ab0c-7c1e521c7110)  <- styles.css (264212B)
PATCH webresourceset(77151fe9-3c64-f111-ab0c-7c1e521c7110)  <- ExecutiveDashboard.html (4462B)
POST PublishXml for 3 resource(s)
published.

READ-BACK app.js  950533B  sha256 1a558504263bfbad...  VERIFIED byte-identical
READ-BACK styles.css  264212B  sha256 2cfff3a988a53b8d...  VERIFIED byte-identical
READ-BACK ExecutiveDashboard.html  4462B  sha256 807c5f6d2d3859de...  VERIFIED byte-identical

=== DEPLOY COMPLETE ===
build id (app.js): af6177db2f
styles.css id    : 2cfff3a988
source           : ExecutiveDashboard_dev/ at main @ 4117a0e
requests: GET 11, PATCH 3, POST 1

CLIENT CHECK, and it is not optional: server-verified is not client-running.
Hard-refresh the app and confirm the console prints
   [DAC dashboard] build af6177db2f
If it prints anything else, the browser is holding an older app.js.

Then expect at boot, with 2 saved layers:
   [Map Layers] listed 2 saved layer(s) from metadata; GeoJSON loads when a layer is switched on.
   [DAC map] tract tooltip tracking wired to pointer events (CLCPA-199: ...)

=== log written by deploy_223_r2.js ===
