=== ExecutiveDashboard_dev -> cr2bf_dactest deploy ===
org:     https://org9076e69b.crm.dynamics.com
slice:   the rounds answering the wave-3 hosted FAILs -- CLCPA-281, CLCPA-274, CLCPA-278
files:   app.js, styles.css, ExecutiveDashboard.html

PRE-FLIGHT 0  self-check: helpers present, 3 declared tickets, 3 commits, 3 resources,
              10 app symbols across 3 tickets + 0 stylesheet symbols across 0.
              PROSE AUDIT: no undeclared build id, commit or ticket anywhere in this file.
PRE-FLIGHT 1  branch = main, HEAD = 2daa77c
              source folder clean, so the pushed bytes are exactly 2daa77c.
              ancestor: 13dad3b  the shared header predicate and the editor body count
              ancestor: 4e1491b  the template sub-header evidence and the deferred format record
              ancestor: 75e8eec  the row Grand Total cell repaints from the recompute
              local main == remote main == 2daa77c.
              HEAD is the merge commit the ids were derived from.
PRE-FLIGHT 2  app.js parses.
PRE-FLIGHT 3  BUILD IDS (content hashes; the client must report the app.js one):
                 app.js      abb8d99439
                 styles.css  2b9651445c
              both match what DEPLOY declares for this wave.
              ok  CLCPA-281
              ok  CLCPA-274
              ok  CLCPA-278
PRE-FLIGHT 3b all 3 ticket groups verified in the COMMITTED BLOB (10 symbols), 0 NUL bytes.
              and the STYLESHEET half: 0 symbols across 0 ticket group(s) verified in the committed styles.css.
PRE-FLIGHT 3c all 66 suites green, 5774 assertions.
PRE-FLIGHT 3d snapshot directory is absent, so the archive will be created.
PRE-FLIGHT 4  stamps applied in memory, both present, no stale third stamp.
              Nothing on disk is modified.

Nothing above touched the network. Requesting the device code now.


################  ACTION NEEDED  ################
  Open:  https://login.microsoft.com/device
  Code:  AUFNRV25S
#################################################

Waiting for authorization (up to 15 min)...
Authorized.

signed in as: Emely Gabriela Rodriguez Severino <Emely@clarafortuna.com>

id 79151fe9-3c64-f111-ab0c-7c1e521c7110 resolves to: cr2bf_dactest/app.js
id 7b151fe9-3c64-f111-ab0c-7c1e521c7110 resolves to: cr2bf_dactest/styles.css
id 77151fe9-3c64-f111-ab0c-7c1e521c7110 resolves to: cr2bf_dactest/ExecutiveDashboard.html
GATE  all three ids resolve to the expected names.

WILL PUSH  app.js   deployed=1265466B  local=1268716B
unchanged  styles.css   deployed=285220B  local=285220B
WILL PUSH  ExecutiveDashboard.html   deployed=4080B  local=4080B  (same length, different bytes)

PROVENANCE of the archive, read from the ORG:
  app.js APP_BUILD stamp        : fcc9fa30bd
  app.js canonicalised + hashed : fcc9fa30bd
  expected previous app.js      : fcc9fa30bd
  styles.css LIVE (to replace)  : 2b9651445c   expected 2b9651445c
  -> all agree. The archive holds fcc9fa30bd + 2b9651445c.

        2 of 3 will be replaced: app.js, ExecutiveDashboard.html

ROLLBACK  snapshot committed as cf355fb
          remote main = cf355fb  VERIFIED
          the rollback is durable off this machine. Proceeding to write.

PATCH webresourceset(79151fe9-3c64-f111-ab0c-7c1e521c7110)  <- app.js (1268716B)
PATCH webresourceset(77151fe9-3c64-f111-ab0c-7c1e521c7110)  <- ExecutiveDashboard.html (4080B)
POST PublishXml for 2 resource(s)  (one call, all of them)
published.

READ-BACK app.js  1268716B  sha256 0e09b5947b13cc0f...  VERIFIED byte-identical
READ-BACK styles.css  285220B  sha256 2b9651445cb2bce5...  VERIFIED byte-identical
READ-BACK ExecutiveDashboard.html  4080B  sha256 efadf91e9b1b27e1...  VERIFIED byte-identical

SERVER-SIDE STAMPS:
  app.js APP_BUILD              : abb8d99439  ok
  app.js canonicalised + hashed : abb8d99439  ok
  styles.css hashed             : 2b9651445c  ok
  HTML references app.js?v=     : abb8d99439  ok
  HTML references styles.css?v= : 2b9651445c  ok
  all 3 app ticket groups and 0 stylesheet symbols across 0 group(s) present in the SERVER copy.

=== DEPLOY COMPLETE ===
slice            : the rounds answering the wave-3 hosted FAILs -- CLCPA-281, CLCPA-274, CLCPA-278
build id (app.js): abb8d99439
styles.css id    : 2b9651445c   (replaced 2b9651445c)
previous build   : fcc9fa30bd, archived and pushed before any write
source           : ExecutiveDashboard_dev/ at main @ 2daa77c
requests: GET 11, PATCH 2, POST 1

CLIENT CHECK, and it is not optional: server-verified is not client-running.
Hard-refresh the app and confirm the console prints
   [DAC dashboard] build abb8d99439

THE ACCEPTANCE PASS:
  CLCPA-281  EACH ADD ROW APPENDS EXACTLY ONE VISIBLE ROW.
     F6 in Report Data on a USER-ADDED year. At zero rows both header
     levels draw with their sub-labels. Click Add Row ONCE: one editable
     row must appear AND the second header row must keep its sub-labels.
     Under the previous build that one click blanked the sub-header and
     produced no visible row at all. Click again: two rows. Then EDIT a
     cell and confirm the value lands on the row typed in. A9 and A10 the
     same. H1 and D1 must look exactly as they did.
     F6/2099 also holds a phantom empty row from the old build: it must
     now render as a visible EMPTY DATA ROW carrying a delete control, so
     it can be removed.
  CLCPA-274  THE TEMPLATE KEEPS ITS SUB-HEADER BESIDE A PHANTOM ROW.
     Download F6s template for a user-added year holding saved rows. Row 2
     must read the four sub-labels; the phantom empty row follows as an
     empty data row, then Test Row.
     THE VALUE CELLS STAY BLANK. That is the template as designed, not a
     defect, and it is ruled unchanged for now -- see the disclosure.
  CLCPA-278  THE ROW CELL SHOWS WHAT WAS COMPUTED.
     H1 on a user-added year. Take a row whose Grand Total equals its
     parts and edit one component DIGIT BY DIGIT. The rows OWN Grand Total
     cell must move on screen, and must agree with the totals row beneath
     it. Under the previous build the draft and the totals row moved while
     that one cell went on displaying the old figure: two numbers for one
     row on one screen.
     Then a row whose total already disagrees, or one holding a percent
     like 45%: the filed total must be KEPT and the advisory raised, and a
     percent must still read as a fraction.

STILL DISCLOSED, not defects in this build:
  - THE SECTION PAGE WAS NOT DRIVEN IN A BROWSER THIS ROUND, and it is the
  -    one surface of the header work left unproven. The read-only section
  -    view slices its header rows without asking the shared predicate the
  -    editor and the template now both ask, so a year whose stored rows do
  -    not carry a sub-header may still collapse there. NOT MEASURED. It is
  -    the first item of the next session, and it is worth a look on this
  -    hosted pass: open F6s section view and check both header levels draw.
  - THE TEMPLATE EMITS ROW LABELS AND NO VALUES, on every table and every
  -    year, and always has. An operator downloading a populated year gets
  -    an empty sheet. Ruled: leave it for now; the question of whether the
  -    template becomes an export is decided in the next session alongside
  -    the ticket that pre-fills its keys. The three options and a
  -    recommendation are filed in the tickets folder.
  - CARRIED FORWARD, unchanged by this wave: the 44 numeric-looking strings
  -    in A3/A4 for 2098, accepted by ruling and named in the residue list;
  -    a two-level table still cannot round-trip through a single-row CSV
  -    header; the remove-year control still asks the composed payload
  -    rather than the store; and on a fresh A8 the bootstrap would compute
  -    283,852 into a grand total whose real figure is 336,599.
  - The stylesheet does NOT move in this wave: app.js alone changes.

=== log written by deploy_wave3_hosted_fails.js ===
