=== ExecutiveDashboard_dev -> cr2bf_dactest deploy ===
org: https://org9076e69b.crm.dynamics.com
slice: CLCPA-238 step 5 (composer behind the flag, shadow mode)
files: app.js, styles.css, ExecutiveDashboard.html

PRE-FLIGHT 0  this script self-checks: helpers present, constants set, 3 resources.
PRE-FLIGHT 1  branch = main, HEAD = 2b5cb03
              source folder clean, so the pushed bytes are exactly 2b5cb03.
PRE-FLIGHT 2  app.js parses.
PRE-FLIGHT 2b every ticket s suite passes against these exact bytes: engine=130, ui=221, xlsx=265, 230=210, 226=195, 235=74, 234=101, badge=115, derive_charts=46, derive_kpis=21, gen_seed=19, composer=89
PRE-FLIGHT 3  BUILD IDS (content hashes; the client must report the app.js one):
                 app.js      f03e0ef84a
                 styles.css  7a4fdb1244
              -> ExecutiveDashboard.html references them as ?v=<id>
              -> app.js will print "[DAC dashboard] build f03e0ef84a" at boot
PRE-FLIGHT 4  stamps applied in memory (nothing on disk is modified).

Nothing above touched the network. Requesting the device code now.


################  ACTION NEEDED  ################
  Open:  https://login.microsoft.com/device
  Code:  EZP9CM79H
#################################################

Waiting for authorization (up to 15 min)...
Authorized.

WhoAmI UserId = 44d1f3d9-8f03-f111-8408-00224831be5d
signed in as: Emely Gabriela Rodriguez Severino <Emely@clarafortuna.com>

id 79151fe9-3c64-f111-ab0c-7c1e521c7110 resolves to: cr2bf_dactest/app.js
id 7b151fe9-3c64-f111-ab0c-7c1e521c7110 resolves to: cr2bf_dactest/styles.css
id 77151fe9-3c64-f111-ab0c-7c1e521c7110 resolves to: cr2bf_dactest/ExecutiveDashboard.html
GATE  all three ids resolve to the expected names.

WILL PUSH  app.js   deployed=1045726B  local=1075369B
unchanged  styles.css   deployed=269588B  local=269588B
WILL PUSH  ExecutiveDashboard.html   deployed=4080B  local=4080B
PROVENANCE  archived app.js: stamped "a8198cf8ee", derives to a8198cf8ee
            previous deploy recorded a8198cf8ee -> MATCH: this folder holds that build

BACKUP  live bytes archived to deploy-backups/2026-09-08-clcpa238-composer-shadow/
        2 of 3 will be replaced: app.js, ExecutiveDashboard.html

PATCH webresourceset(79151fe9-3c64-f111-ab0c-7c1e521c7110)  <- app.js (1075369B)
PATCH webresourceset(77151fe9-3c64-f111-ab0c-7c1e521c7110)  <- ExecutiveDashboard.html (4080B)
POST PublishXml for 2 resource(s)
published.

READ-BACK app.js  1075369B  sha256 e76836ffa54948f9...  VERIFIED byte-identical
READ-BACK styles.css  269588B  sha256 7a4fdb124415b137...  VERIFIED byte-identical
READ-BACK ExecutiveDashboard.html  4080B  sha256 9441bd3c08ada71a...  VERIFIED byte-identical

=== DEPLOY COMPLETE ===
build id (app.js): f03e0ef84a
styles.css id    : 7a4fdb1244
source           : ExecutiveDashboard_dev/ at main @ 2b5cb03
requests: GET 11, PATCH 2, POST 1

CLIENT CHECK, and it is not optional: server-verified is not client-running.
Hard-refresh the app and confirm the console prints
   [DAC dashboard] build f03e0ef84a
If it prints anything else, the browser is holding an older app.js.

WHAT TO VERIFY, CLCPA-238 STEP 5. Nothing a viewer sees should change.
THE WHOLE POINT is what the CONSOLE says. Open the browser console
BEFORE loading, then hard-refresh.

THE PAGE, which must be indistinguishable from yesterday:
  1. every section renders, every table has its numbers, every chart
     draws, every KPI card shows a figure. payload.json is STILL the
     source: the flag ships as payload, so this deploy changes the
     source of nothing.
  2. the year selector reads 2099, 2025, 2024, 2023 exactly as before.
  3. Report Data still opens, saves and shows Change History.

THE CONSOLE, which is what this round actually delivers:
  4. a line beginning [CLCPA-238] shadow: appears a moment AFTER the
     page has drawn. If it appears before the page is usable, the
     non-blocking claim is wrong and that is the defect.
  5. it should read:
        [CLCPA-238] shadow: 3 of 5 parts match (NNN ms to compose)
     THREE, not five, and that is EXPECTED. meta, sections, tables and
     charts match; kpis does not, and the reason is the ruling you
     just made: 9 reported dac_pct values and 3 analytical ratios
     differ because the payload stored rounded copies. So the line
     names kpis as differing, with its first coordinate.
  6. the ms figure is the compose time. Note it: it is the first
     measurement of what the Dataverse source costs in a real browser,
     which no probe of mine could measure.
  7. NOTHING should appear as an uncaught error, and no toast should
     pop. Shadow mode is diagnostic and must be invisible to a viewer.

IF THE LINE SAYS 5 OF 5, tell me: it would mean the kpis divergence I
measured is not there, and I would rather know than assume.
IF IT SAYS 0 OF 5 or names tables or charts, STOP and tell me: that
would mean the org holds something different from the seed I verified.

AND THE BOOT SHOULD FEEL FASTER: three Dataverse reads that used to run
one after another now run together, measured at 242 ms saved. Not
something to trust an impression of, but if it feels slower, say so.

=== log written by deploy_238.js ===
