=== ExecutiveDashboard_dev -> cr2bf_dactest deploy ===
org: https://org9076e69b.crm.dynamics.com
source: ExecutiveDashboard_dev/ at main @ 92f2437
note: the dataset JSON files are NOT web resources; they upload via the admin card.
files: app.js, styles.css, ExecutiveDashboard.html, payload.json

BUILD IDS (content hashes; the client must report the app.js one):
   app.js  13fa3d5b36
   styles.css  d36b6f69e2
   -> ExecutiveDashboard.html references them as ?v=<id>
   -> app.js prints "[DAC dashboard] build 13fa3d5b36" at boot


################  ACTION NEEDED  ################
  Open:  https://login.microsoft.com/device
  Code:  F22KW2D8Y
#################################################

Waiting for authorization (up to 15 min)...
Authorized.

WhoAmI UserId = 44d1f3d9-8f03-f111-8408-00224831be5d
signed in as: Emely Gabriela Rodriguez Severino <Emely@clarafortuna.com>

known app.js id resolves to name: cr2bf_dactest/app.js
name prefix: cr2bf_dactest/

web resources under that prefix (7):
   cr2bf_dactest/app.js  79151fe9-3c64-f111-ab0c-7c1e521c7110
   cr2bf_dactest/ExecutiveDashboard.html  77151fe9-3c64-f111-ab0c-7c1e521c7110
   cr2bf_dactest/index.html  75151fe9-3c64-f111-ab0c-7c1e521c7110
   cr2bf_dactest/logo/ConEd_Logo_completo.svg  9cd6794b-7364-f111-ab0c-7c1e521c7110
   cr2bf_dactest/logo/ConEd_Logo_fondo_blanco.jpeg  9ed6794b-7364-f111-ab0c-7c1e521c7110
   cr2bf_dactest/payload.json  7d151fe9-3c64-f111-ab0c-7c1e521c7110
   cr2bf_dactest/styles.css  7b151fe9-3c64-f111-ab0c-7c1e521c7110

WILL PUSH  app.js   deployed=897976B  local=901058B
unchanged   styles.css   deployed=252110B  local=252110B
WILL PUSH  ExecutiveDashboard.html   deployed=11856B  local=11856B
payload gate: live sha256 = 4757f60e896850ca857f9291573faa7abf27c0f4372daf4d64069915acfb0c16
              expected    = 4757f60e896850ca857f9291573faa7abf27c0f4372daf4d64069915acfb0c16
              local  sha256 = de5cf986cbd8dec261ad9cae204e8b335d57f18af35e24084b551cbca2160f5c  (matches the reviewed content)
payload gate: PASSED, both sides confirmed.
WILL PUSH  payload.json   deployed=296638B  local=297486B

archived  app.js  897976B  sha256=dc1936cb8b70d742…
archived  styles.css  252110B  sha256=d36b6f69e24ee441…
archived  ExecutiveDashboard.html  11856B  sha256=b953a8fcff8c5dde…
archived  payload.json  296638B  sha256=4757f60e896850ca…

backup written to: C:/Users/emely/Desktop/Projects/demos/deploy-backups/2026-09-04-clcpa-216-c2-payload

PATCH webresourceset(79151fe9-3c64-f111-ab0c-7c1e521c7110)  <- app.js (901058 B)
PATCH webresourceset(77151fe9-3c64-f111-ab0c-7c1e521c7110)  <- ExecutiveDashboard.html (11856 B)
PATCH webresourceset(7d151fe9-3c64-f111-ab0c-7c1e521c7110)  <- payload.json (297486 B)

POST PublishXml for 3 resource(s)
published.

VERIFIED app.js  now=901058B  expected=901058B
VERIFIED ExecutiveDashboard.html  now=11856B  expected=11856B
VERIFIED payload.json  now=297486B  expected=297486B

=== deploy complete: app.js, ExecutiveDashboard.html, payload.json ===
pre-deploy backup: C:/Users/emely/Desktop/Projects/demos/deploy-backups/2026-09-04-clcpa-216-c2-payload

CLIENT CHECK (a required step from this deploy onward): open the hosted app
and confirm the console reports  [DAC dashboard] build 13fa3d5b36
The Map Layers page shows the same id at the bottom. A different id means the
browser is on an older build and the deploy has not reached it yet.

[exited with code 0]
