=== ExecutiveDashboard_dev -> cr2bf_dactest deploy ===
org:     https://org9076e69b.crm.dynamics.com
slice:   the wave-2 rounds from the hosted pass -- CLCPA-274, CLCPA-276, CLCPA-277, CLCPA-278
files:   app.js, styles.css, ExecutiveDashboard.html

PRE-FLIGHT 0  self-check: helpers present, 4 declared tickets, 5 commits, 3 resources,
              17 app symbols across 4 tickets + 0 stylesheet symbols across 0.
              PROSE AUDIT: no undeclared build id, commit or ticket anywhere in this file.
PRE-FLIGHT 1  branch = main, HEAD = b52f604
              source folder clean, so the pushed bytes are exactly b52f604.
              ancestor: ec6d208  CLCPA-274 round 2: the template carries its second header row
              ancestor: 062d3f9  CLCPA-276 round 2: the notice area is repainted with the grid
              ancestor: 590703c  CLCPA-277 round 2: the staged year advisory is reachable
              ancestor: d548acc  CLCPA-278 round 2: the pre-edit row is captured before the first write
              ancestor: e306054  harness: the four round-2 mutation runners, and what the sweep caught
              local main == remote main == b52f604.
              HEAD is the merge commit the ids were derived from.
PRE-FLIGHT 2  app.js parses.
PRE-FLIGHT 3  BUILD IDS (content hashes; the client must report the app.js one):
                 app.js      3b20bdbd6d
                 styles.css  2b9651445c
              both match what DEPLOY declares for this wave.
              ok  CLCPA-274
              ok  CLCPA-276
              ok  CLCPA-277
              ok  CLCPA-278
PRE-FLIGHT 3b all 4 ticket groups verified in the COMMITTED BLOB (17 symbols), 0 NUL bytes.
              and the STYLESHEET half: 0 symbols across 0 ticket group(s) verified in the committed styles.css.
PRE-FLIGHT 3c all 60 suites green, 5517 assertions.
PRE-FLIGHT 3d snapshot directory is absent, so the archive will be created.
PRE-FLIGHT 4  stamps applied in memory, both present, no stale third stamp.
              Nothing on disk is modified.

Nothing above touched the network. Requesting the device code now.


################  ACTION NEEDED  ################
  Open:  https://login.microsoft.com/device
  Code:  AHCP6UX7F
#################################################

Waiting for authorization (up to 15 min)...
Authorized.

signed in as: Emely Gabriela Rodriguez Severino <Emely@clarafortuna.com>

id 79151fe9-3c64-f111-ab0c-7c1e521c7110 resolves to: cr2bf_dactest/app.js
id 7b151fe9-3c64-f111-ab0c-7c1e521c7110 resolves to: cr2bf_dactest/styles.css
id 77151fe9-3c64-f111-ab0c-7c1e521c7110 resolves to: cr2bf_dactest/ExecutiveDashboard.html
GATE  all three ids resolve to the expected names.

WILL PUSH  app.js   deployed=1249966B  local=1258189B
unchanged  styles.css   deployed=285220B  local=285220B
WILL PUSH  ExecutiveDashboard.html   deployed=4080B  local=4080B  (same length, different bytes)

PROVENANCE of the archive, read from the ORG:
  app.js APP_BUILD stamp        : b0c8c99ebf
  app.js canonicalised + hashed : b0c8c99ebf
  expected previous app.js      : b0c8c99ebf
  styles.css LIVE (to replace)  : 2b9651445c   expected 2b9651445c
  -> all agree. The archive holds b0c8c99ebf + 2b9651445c.

        2 of 3 will be replaced: app.js, ExecutiveDashboard.html

ROLLBACK  snapshot committed as bf4c82c
          remote main = bf4c82c  VERIFIED
          the rollback is durable off this machine. Proceeding to write.

PATCH webresourceset(79151fe9-3c64-f111-ab0c-7c1e521c7110)  <- app.js (1258189B)
PATCH webresourceset(77151fe9-3c64-f111-ab0c-7c1e521c7110)  <- ExecutiveDashboard.html (4080B)
POST PublishXml for 2 resource(s)  (one call, all of them)
published.

READ-BACK app.js  1258189B  sha256 30b31c5c2e6041c5...  VERIFIED byte-identical
READ-BACK styles.css  285220B  sha256 2b9651445cb2bce5...  VERIFIED byte-identical
READ-BACK ExecutiveDashboard.html  4080B  sha256 60b2e39dbb01f30b...  VERIFIED byte-identical

SERVER-SIDE STAMPS:
  app.js APP_BUILD              : 3b20bdbd6d  ok
  app.js canonicalised + hashed : 3b20bdbd6d  ok
  styles.css hashed             : 2b9651445c  ok
  HTML references app.js?v=     : 3b20bdbd6d  ok
  HTML references styles.css?v= : 2b9651445c  ok
  all 4 app ticket groups and 0 stylesheet symbols across 0 group(s) present in the SERVER copy.

=== DEPLOY COMPLETE ===
slice            : the wave-2 rounds from the hosted pass -- CLCPA-274, CLCPA-276, CLCPA-277, CLCPA-278
build id (app.js): 3b20bdbd6d
styles.css id    : 2b9651445c   (replaced 2b9651445c)
previous build   : b0c8c99ebf, archived and pushed before any write
source           : ExecutiveDashboard_dev/ at main @ b52f604
requests: GET 11, PATCH 2, POST 1

CLIENT CHECK, and it is not optional: server-verified is not client-running.
Hard-refresh the app and confirm the console prints
   [DAC dashboard] build 3b20bdbd6d

THE ACCEPTANCE PASS:
  CLCPA-274  THE TEMPLATE CARRIES ITS SECOND HEADER ROW.
     Download F6s template. Row 2 must now read the four sub-labels --
     Non- Excludable / Excludable under NON-NETWORK, and again under
     NETWORK -- instead of being blank, so each of the four value columns
     can be told apart. Check A9 and A10 too: they were blank the same way,
     and A10 was worse, stamping (calculated) into its sub-header. No
     header row may carry that marker. D1 must be unchanged: its first row
     is genuine data and must still be fillable.
  CLCPA-276  A NOTICE LIVES EXACTLY AS LONG AS THE DRAFT IT DESCRIBES.
     Type a total that does not add up so the amber advisory appears. Press
     Reset and confirm: the figures restore AND the advisory goes. Repeat
     and switch YEAR instead: it must go, not follow you. Repeat and SAVE:
     it must go. Then the other half, which matters just as much: with a
     draft that still does not add up, add a row -- the advisory must STAY,
     because it is recomputed from the draft rather than cleared.
  CLCPA-277  THE STAGED CARD NAMES THE WRONG YEAR.
     Open Add Data, stage a file whose name carries a different year from
     the destination. The staged card must warn, in the same voice as the
     wrong-table twin beside it, and the Add Year button must stay live --
     advisory only. Then RETYPE the year to match the file: the warning must
     disappear as you type, and reappear if you type a third year, WITHOUT
     the year box losing focus. A filename with no year, or two, says
     nothing. The post-load red box must behave exactly as it did.
  CLCPA-278  A CONSISTENT TOTAL FOLLOWS THE EDIT.
     In H1, find a row whose Grand Total EQUALS its two parts. Edit one part
     and tab away: the total must move with it, and no advisory is raised.
     Type the number digit by digit -- that is the case round 1 missed.
     Then take a row whose total already DISAGREES and edit a part: the
     total must be left exactly as filed, with the advisory naming it.

STILL DISCLOSED, not defects in this build:
  - A TWO-LEVEL TABLE CANNOT ROUND-TRIP THROUGH A SINGLE-ROW CSV HEADER.
  -    Measured on this build: F6 2025 import rejections 1 -> 0, A9 2025
  -    1 -> 3, A10 2025 unchanged. A9s headings genuinely span two rows, so
  -    neither row alone is a unique heading set and the new rejections read
  -    two columns with the same heading. The previous build rejected one
  -    too; emitting the sub-header makes the ambiguity explicit rather than
  -    hiding it behind a blank row. Needs its own ticket.
  - THE REMOVE-YEAR CONTROL asks the PUBLISHED payload whether a year holds
  -    data, not the store. That is why a year holding saves can still offer
  -    Remove. Read from code, not yet filed.
  - PRE-EXISTING, not fixed here: on a fresh A8 the CLCPA-240 bootstrap would
  -    compute 283,852 into the grand total whose real figure is 336,599.
  -    Unreachable while the row holds numbers.
  - payload.json stores 19 KPI entries that disagree with the derive engine,
  -    and A5 2025 stores 27,833 where its parts give 27,834. Pre-existing,
  -    pinned, under the payload freeze, and untouched by this wave.
  - The stylesheet does NOT move in this wave: app.js alone changes.

=== log written by deploy_wave2_rounds.js ===
