=== ExecutiveDashboard_dev -> cr2bf_dactest deploy ===
org: https://org9076e69b.crm.dynamics.com
slice: CLCPA-249 round 2 (TEXT columns read left by the mask, and the
       first sub-header stops being caught by the first-column rule.
       CSS ONLY again: the app.js build id does NOT move)
files: app.js, styles.css, ExecutiveDashboard.html

PRE-FLIGHT 0  this script self-checks: helpers present and self-tested,
              constants set, 3 resources, 6 ticket symbols to count.
PRE-FLIGHT 1  branch = main, HEAD = ff00d89
              source folder clean, so the pushed bytes are exactly ff00d89.
              and 4266888, the CLCPA-249 round-2 commit, is an ancestor of HEAD.
PRE-FLIGHT 2  app.js parses.
PRE-FLIGHT 3  BUILD IDS (content hashes; the client must report the app.js one):
                 app.js      9a59621784
                 styles.css  af0c14ea64
              both match the ids approved in advance.
PRE-FLIGHT 3b styles.css: 14 selectors counted on both sides,
              comments stripped for the live ones. Round 1s unscoped
              first-column rule is GONE, the text-column rule and the
              scoped one are present, round 1s centre rule and CLCPA-248
              survive, no new !important. app.js is byte-identical.
PRE-FLIGHT 3b all 6 ticket symbols verified in the COMMITTED BLOB, 0 NUL bytes,
              each counted against BASE 5edee48 so it distinguishes the two builds.
PRE-FLIGHT 3c all 32 suites green.
PRE-FLIGHT 3d snapshot directory is absent, so the archive will be created.
PRE-FLIGHT 4  stamps applied in memory, both verified present and no stale
              third stamp left behind. Nothing on disk is modified.

Nothing above touched the network. Requesting the device code now.


################  ACTION NEEDED  ################
  Open:  https://login.microsoft.com/device
  Code:  BBLRAC7X6
#################################################

Waiting for authorization (up to 15 min)...
Authorized.

signed in as: Emely Gabriela Rodriguez Severino <Emely@clarafortuna.com>

id 79151fe9-3c64-f111-ab0c-7c1e521c7110 resolves to: cr2bf_dactest/app.js
id 7b151fe9-3c64-f111-ab0c-7c1e521c7110 resolves to: cr2bf_dactest/styles.css
id 77151fe9-3c64-f111-ab0c-7c1e521c7110 resolves to: cr2bf_dactest/ExecutiveDashboard.html
GATE  all three ids resolve to the expected names.

unchanged  app.js   deployed=1161456B  local=1161456B
WILL PUSH  styles.css   deployed=279145B  local=281101B
WILL PUSH  ExecutiveDashboard.html   deployed=4080B  local=4080B  (same length, different bytes)

PROVENANCE of the archive:
  app.js APP_BUILD stamp        : 9a59621784
  app.js canonicalised + hashed : 9a59621784
  expected previous build       : 9a59621784
  styles.css id (cross-check)   : 9cb9d69d2a
  -> all three agree. The archive holds 9a59621784.

        2 of 3 will be replaced: styles.css, ExecutiveDashboard.html

