=== ExecutiveDashboard_dev -> cr2bf_dactest deploy ===
org:     https://org9076e69b.crm.dynamics.com
slice:   the derive engine declares what it computes and the advisories tell the truth: column totals on the G board and B2s crossing pair, the workbook marker gated on derivability, percentage rows registered as computed, the reconciliation advisory read from the draft, and the history counting operator changes only -- CLCPA-311, CLCPA-319, CLCPA-320, CLCPA-308, CLCPA-304, CLCPA-307, CLCPA-310, CLCPA-309, CLCPA-305, CLCPA-306, CLCPA-302, CLCPA-303
files:   app.js, styles.css, ExecutiveDashboard.html

PRE-FLIGHT 0  self-check: helpers present, 12 declared tickets, 8 commits, 3 resources,
              20 app symbols across 12 tickets + 0 stylesheet symbols across 0.
              PROSE AUDIT: no undeclared build id, commit or ticket anywhere in this file.
PRE-FLIGHT 1  branch = main, HEAD = 8bf5ea7
              source folder clean, so the pushed bytes are exactly 8bf5ea7.
              ancestor: 5a3b11a  the LMI share is read, not invented
              ancestor: 2be55b4  the derive-engine program: column totals, the marker, the D rows
              ancestor: 4094c0a  the small B and D board tickets
              ancestor: 24c1642  the reconciliation advisory
              ancestor: 40b74e2  the history counts operator changes only
              ancestor: 95a6f01  the stored-anatomy discard reproduced, records only
              ancestor: a331392  both total directions declared on B2, the marker amendment, the fraction advisory
              ancestor: 700f6e9  the persist-strip follow-up, records only
              local main == remote main == 8bf5ea7.
              HEAD is the merge commit the ids were derived from.
PRE-FLIGHT 2  app.js parses.
PRE-FLIGHT 3  BUILD IDS (content hashes; the client must report the app.js one):
                 app.js      bf2b92af29
                 styles.css  9039bfc509
              both match what DEPLOY declares for this wave.
              ok  CLCPA-311
              ok  CLCPA-319
              ok  CLCPA-320
              ok  CLCPA-308
              ok  CLCPA-304
              ok  CLCPA-307
              ok  CLCPA-310
              ok  CLCPA-309
              ok  CLCPA-305
              ok  CLCPA-306
              ok  CLCPA-302
              ok  CLCPA-303
PRE-FLIGHT 3b all 12 ticket groups verified in the COMMITTED BLOB (20 symbols), 0 NUL bytes.
              and the STYLESHEET half: 0 symbols across 0 ticket group(s) verified in the committed styles.css.
PRE-FLIGHT 3c all 92 suites green, 6767 assertions.
PRE-FLIGHT 3d snapshot directory is absent, so the archive will be created.
PRE-FLIGHT 4  stamps applied in memory, both present, no stale third stamp.
              Nothing on disk is modified.

Nothing above touched the network. Requesting the device code now.


################  ACTION NEEDED  ################
  Open:  https://login.microsoft.com/device
  Code:  FRR4CPS88
#################################################

Waiting for authorization (up to 15 min)...
Authorized.

signed in as: Emely Gabriela Rodriguez Severino <Emely@clarafortuna.com>

id 79151fe9-3c64-f111-ab0c-7c1e521c7110 resolves to: cr2bf_dactest/app.js
id 7b151fe9-3c64-f111-ab0c-7c1e521c7110 resolves to: cr2bf_dactest/styles.css
id 77151fe9-3c64-f111-ab0c-7c1e521c7110 resolves to: cr2bf_dactest/ExecutiveDashboard.html
GATE  all three ids resolve to the expected names.

WILL PUSH  app.js   deployed=1327944B  local=1365288B
unchanged  styles.css   deployed=286866B  local=286866B
WILL PUSH  ExecutiveDashboard.html   deployed=4080B  local=4080B  (same length, different bytes)

PRE-FLIGHT 3b DIFFERENTIAL, live org bytes against the merged tree:
  app.js                    MOVES  1327944B -> 1365288B
      live e12e29e1a2006ea6   new f19d81fcb14376fc
  styles.css                same   286866B -> 286866B
      live 9039bfc5093de9cc   new 9039bfc5093de9cc
  ExecutiveDashboard.html   MOVES  4080B -> 4080B
      live 8cfc7da27c1dd30a   new 8d3299a63f07d60b
  what moves: app.js, ExecutiveDashboard.html

PROVENANCE of the archive, read from the ORG:
  app.js APP_BUILD stamp        : 16eda8c41e
  app.js canonicalised + hashed : 16eda8c41e
  expected previous app.js      : 16eda8c41e
  styles.css LIVE (to replace)  : 9039bfc509   expected 9039bfc509
  -> all agree. The archive holds 16eda8c41e + 9039bfc509.

        2 of 3 will be replaced: app.js, ExecutiveDashboard.html

ROLLBACK  snapshot committed as 9512bff
          remote main = 9512bff  VERIFIED
          the rollback is durable off this machine. Proceeding to write.

PATCH webresourceset(79151fe9-3c64-f111-ab0c-7c1e521c7110)  <- app.js (1365288B)
PATCH webresourceset(77151fe9-3c64-f111-ab0c-7c1e521c7110)  <- ExecutiveDashboard.html (4080B)
POST PublishXml for 2 resource(s)  (one call, all of them)
published.

READ-BACK app.js  1365288B  sha256 f19d81fcb14376fc...  VERIFIED byte-identical
READ-BACK styles.css  286866B  sha256 9039bfc5093de9cc...  VERIFIED byte-identical
READ-BACK ExecutiveDashboard.html  4080B  sha256 8d3299a63f07d60b...  VERIFIED byte-identical

SERVER-SIDE STAMPS:
  app.js APP_BUILD              : bf2b92af29  ok
  app.js canonicalised + hashed : bf2b92af29  ok
  styles.css hashed             : 9039bfc509  ok
  HTML references app.js?v=     : bf2b92af29  ok
  HTML references styles.css?v= : 9039bfc509  ok
  all 12 app ticket groups and 0 stylesheet symbols across 0 group(s) present in the SERVER copy.

=== DEPLOY COMPLETE ===
slice            : the derive engine declares what it computes and the advisories tell the truth: column totals on the G board and B2s crossing pair, the workbook marker gated on derivability, percentage rows registered as computed, the reconciliation advisory read from the draft, and the history counting operator changes only -- CLCPA-311, CLCPA-319, CLCPA-320, CLCPA-308, CLCPA-304, CLCPA-307, CLCPA-310, CLCPA-309, CLCPA-305, CLCPA-306, CLCPA-302, CLCPA-303
build id (app.js): bf2b92af29
styles.css id    : 9039bfc509   (replaced 9039bfc509)
previous build   : 16eda8c41e, archived and pushed before any write
source           : ExecutiveDashboard_dev/ at main @ 8bf5ea7
requests: GET 11, PATCH 2, POST 1

CLIENT CHECK, and it is not optional: server-verified is not client-running.
Hard-refresh the app and confirm the console prints
   [DAC dashboard] build bf2b92af29

THE ACCEPTANCE PASS:
  THE HEADLINE GATE, AND IT IS A NEGATIVE ONE: NOTHING PUBLISHED MOVES.
     Every figure on every section page should read exactly as it does
     today, to the digit. This wave declares what the engine already
     computed; it was measured at 0 moved table-years and 0 moved KPI
     figures. Any changed published number is a regression, not a fix.
  
  THE G BOARD, ON AN IMPORTED YEAR. Add a scratch year on G1, download
     the template, and fill ONLY the two category rows: 9,999 feet in a
     DAC and 999 not. Leave the Systemwide Total alone. Import and look
     at the section page: the total must read 10,998 and 100.0%, not
     blank. Before this it rendered flagged and EMPTY.
  
  B2, THE TWO TOTALS CROSSING. Open Report Data, B2, 2025. The Total row
     and the Total Plugs column must read as they do today: 7,482 /
     1,399 / 3 / 8,884.
     NOW TYPE OVER ONE. Put any wrong number into the Total row under
     L2 Plugs. It must be KEPT, and an amber advisory beneath the grid
     must name it. Before this the engine silently overwrote it.
     AND THE OTHER AXIS still behaves: a wrong number typed into a
     category rows Total Plugs is kept and named exactly as before.
  
  THE WORKBOOK MARKER. Download J8s template. Its Total row must read
     fill-in, NOT (calculated): those dollar figures belong to the
     preparer and the engine cannot derive them. Then download A5s: its
     Total row must still read (calculated), because that one it can.
  
  THE FRACTION ADVISORY. Open Report Data, D3, and type 22.4% into
     "Percentage of subscribers in DACs". NO advisory may appear saying
     "22.4% read as 0.224": the engine recomputes that cell and the
     number would never survive. Now type 22.4% into a COUNT row
     instead: there the advisory must still appear, because there it is
     true.
  
  THE SAVE COUNT. Open any table, change ONE cell an operator can type
     into, and press Save Changes. The dialog and the history must agree
     on the number of changes. Before this the history counted engine
     cells the dialog had excluded.

STILL DISCLOSED, not defects in this build:
  - B2 IS NOT IN THE PERSIST STRIP, by ruling. Its total row is now
  -    derivable, so the stored copy is a copy of something computable. A
  -    strip change needs its own round-trip proof and its own turn, and
  -    the declaration reconciles and advises on divergence meanwhile, so
  -    the copy cannot drift silently. Recorded as a follow-up.
  - THE IMPORT GUARD STILL USES A VALUE CLASSIFIER. A filed grand total on
  -    a table whose stored figure happens to reconcile is still refused in
  -    silence. A fix was built under ruling, measured, and WITHDRAWN before
  -    merge: read literally it hands 262 of 432 total-row cells to the
  -    preparer, which would undo the protection against a file overwriting
  -    a figure the engine derives. The corrected form is an explicit
  -    registry of totals that belong to the preparer, and it is the next
  -    round. Nothing in this build regressed; the defect is unchanged.
  - THE SECOND SURFACE, MEASURED AND UNFIXED: an accepted preparer total
  -    does not survive the editors recompute. It is not reachable in this
  -    build because the import refuses those cells first, and it is why
  -    the next round has to cover both surfaces together.
  - A3s WORKBOOK MARKER IS YEAR-DEPENDENT AGAIN, as the cost of gating the
  -    marker on derivability: A3/2023, A3/2024 and A4/2023 lose it. Every
  -    other moved row is a BLANK template, so no workbook a preparer can
  -    download today changes.
  - THE STYLESHEET AND THE HTML DO NOT MOVE in this wave. app.js alone
  -    changes; the HTML follows it through its ?v= stamp, and the byte
  -    comparison against the live copy is what decides what is pushed,
  -    not this note.

=== log written by deploy_derive_declarations.js ===
