=== ExecutiveDashboard_dev -> cr2bf_dactest deploy ===
org: https://org9076e69b.crm.dynamics.com
slice: CLCPA-248 (one anatomy across the two compare panels)
files: app.js, styles.css, ExecutiveDashboard.html

PRE-FLIGHT 0  this script self-checks: helpers present and self-tested,
              constants set, 3 resources, 11 ticket symbols to count.
PRE-FLIGHT 1  branch = main, HEAD = 968538a
              source folder clean, so the pushed bytes are exactly 968538a.
              and d43fd32, the CLCPA-248 commit, is an ancestor of HEAD.
PRE-FLIGHT 2  app.js parses.
PRE-FLIGHT 3  BUILD IDS (content hashes; the client must report the app.js one):
                 app.js      04ef231f08
                 styles.css  d86e7b952e
              both match the ids approved in advance.
PRE-FLIGHT 3b all 11 ticket symbols verified in the COMMITTED BLOB, 0 NUL bytes,
              each counted against BASE d0d0a45 so it distinguishes the two builds.
PRE-FLIGHT 3c all 31 suites green.
PRE-FLIGHT 3d snapshot directory is absent, so the archive will be created.
PRE-FLIGHT 4  stamps applied in memory, both verified present and no stale
              third stamp left behind. Nothing on disk is modified.

Nothing above touched the network. Requesting the device code now.


################  ACTION NEEDED  ################
  Open:  https://login.microsoft.com/device
  Code:  AQF35RUR7
#################################################

Waiting for authorization (up to 15 min)...
Authorized.

signed in as: Emely Gabriela Rodriguez Severino <Emely@clarafortuna.com>

id 79151fe9-3c64-f111-ab0c-7c1e521c7110 resolves to: cr2bf_dactest/app.js
id 7b151fe9-3c64-f111-ab0c-7c1e521c7110 resolves to: cr2bf_dactest/styles.css
id 77151fe9-3c64-f111-ab0c-7c1e521c7110 resolves to: cr2bf_dactest/ExecutiveDashboard.html
GATE  all three ids resolve to the expected names.

WILL PUSH  app.js   deployed=1150745B  local=1156020B
WILL PUSH  styles.css   deployed=271763B  local=273334B
WILL PUSH  ExecutiveDashboard.html   deployed=4080B  local=4080B  (same length, different bytes)

PROVENANCE of the archive:
  app.js APP_BUILD stamp        : e5b4a7d7c1
  app.js canonicalised + hashed : e5b4a7d7c1
  expected previous build       : e5b4a7d7c1
  styles.css id (cross-check)   : 37d0e57db0
  -> all three agree. The archive holds e5b4a7d7c1.

        3 of 3 will be replaced: app.js, styles.css, ExecutiveDashboard.html

