=== ExecutiveDashboard_dev -> cr2bf_dactest deploy ===
org:     https://org9076e69b.crm.dynamics.com
slice:   the Section A board: marker semantics, the template contract, key pre-fill, percent scaling, the import summary, the rejection report and the un-totalled averages -- CLCPA-291, CLCPA-274, CLCPA-292, CLCPA-294, CLCPA-300, CLCPA-287, CLCPA-290, CLCPA-282
files:   app.js, styles.css, ExecutiveDashboard.html

PRE-FLIGHT 0  self-check: helpers present, 8 declared tickets, 8 commits, 3 resources,
              17 app symbols across 8 tickets + 0 stylesheet symbols across 0.
              PROSE AUDIT: no undeclared build id, commit or ticket anywhere in this file.
PRE-FLIGHT 1  branch = main, HEAD = 6b8d63e
              source folder clean, so the pushed bytes are exactly 6b8d63e.
              ancestor: f76f9c2  the 290/241/289 measurement record, no code
              ancestor: 25ae7aa  a text column in a structure row has no value
              ancestor: 947768b  a populated year exports, a fresh year stays blank
              ancestor: e62109d  the template pre-fills every key column
              ancestor: e40676b  a computed percentage is always scaled
              ancestor: 58c68b6  the summary counts the columns that receive values
              ancestor: cf3bee6  the page says what was rejected, and the prose sweep
              ancestor: 6b8d63e  the average columns are un-totalled on both surfaces
              local main == remote main == 6b8d63e.
              HEAD is the merge commit the ids were derived from.
PRE-FLIGHT 2  app.js parses.
PRE-FLIGHT 3  BUILD IDS (content hashes; the client must report the app.js one):
                 app.js      caf0dbb2ee
                 styles.css  9039bfc509
              both match what DEPLOY declares for this wave.
              ok  CLCPA-291
              ok  CLCPA-274
              ok  CLCPA-292
              ok  CLCPA-294
              ok  CLCPA-300
              ok  CLCPA-287
              ok  CLCPA-290
              ok  CLCPA-282
PRE-FLIGHT 3b all 8 ticket groups verified in the COMMITTED BLOB (17 symbols), 0 NUL bytes.
              and the STYLESHEET half: 0 symbols across 0 ticket group(s) verified in the committed styles.css.

ABORTED: suites not green:
  gate_149_stacked.js (exit 1)
