=== ExecutiveDashboard_dev -> cr2bf_dactest deploy ===
org: https://org9076e69b.crm.dynamics.com
slice: CLCPA-234 (Add Data, and the slim success panel)
files: app.js, styles.css, ExecutiveDashboard.html

PRE-FLIGHT 0  this script self-checks: helpers present, constants set, 3 resources.
PRE-FLIGHT 1  branch = main, HEAD = 17b93bd
              source folder clean, so the pushed bytes are exactly 17b93bd.
PRE-FLIGHT 2  app.js parses.
PRE-FLIGHT 2b every ticket s suite passes against these exact bytes: engine=130, ui=221, xlsx=265, 230=210, 226=195, 235=74, 234=101
PRE-FLIGHT 3  BUILD IDS (content hashes; the client must report the app.js one):
                 app.js      fecd8c1540
                 styles.css  7a4fdb1244
              -> ExecutiveDashboard.html references them as ?v=<id>
              -> app.js will print "[DAC dashboard] build fecd8c1540" at boot
PRE-FLIGHT 4  stamps applied in memory (nothing on disk is modified).

Nothing above touched the network. Requesting the device code now.


################  ACTION NEEDED  ################
  Open:  https://login.microsoft.com/device
  Code:  AZMC8J525
#################################################

Waiting for authorization (up to 15 min)...
Authorized.

WhoAmI UserId = 44d1f3d9-8f03-f111-8408-00224831be5d
signed in as: Emely Gabriela Rodriguez Severino <Emely@clarafortuna.com>

id 79151fe9-3c64-f111-ab0c-7c1e521c7110 resolves to: cr2bf_dactest/app.js
id 7b151fe9-3c64-f111-ab0c-7c1e521c7110 resolves to: cr2bf_dactest/styles.css
id 77151fe9-3c64-f111-ab0c-7c1e521c7110 resolves to: cr2bf_dactest/ExecutiveDashboard.html
GATE  all three ids resolve to the expected names.

WILL PUSH  app.js   deployed=1037282B  local=1043701B
unchanged  styles.css   deployed=269588B  local=269588B
WILL PUSH  ExecutiveDashboard.html   deployed=4080B  local=4080B
PROVENANCE  archived app.js: stamped "afdfb61827", derives to afdfb61827
            previous deploy recorded afdfb61827 -> MATCH: this folder holds that build

BACKUP  live bytes archived to deploy-backups/2026-09-08-clcpa-234-add-data/
        2 of 3 will be replaced: app.js, ExecutiveDashboard.html

PATCH webresourceset(79151fe9-3c64-f111-ab0c-7c1e521c7110)  <- app.js (1043701B)
PATCH webresourceset(77151fe9-3c64-f111-ab0c-7c1e521c7110)  <- ExecutiveDashboard.html (4080B)
POST PublishXml for 2 resource(s)
published.

READ-BACK app.js  1043701B  sha256 4df106ac73c958a6...  VERIFIED byte-identical
READ-BACK styles.css  269588B  sha256 7a4fdb124415b137...  VERIFIED byte-identical
READ-BACK ExecutiveDashboard.html  4080B  sha256 8bfb71a3cadaee56...  VERIFIED byte-identical

=== DEPLOY COMPLETE ===
build id (app.js): fecd8c1540
styles.css id    : 7a4fdb1244
source           : ExecutiveDashboard_dev/ at main @ 17b93bd
requests: GET 11, PATCH 2, POST 1

CLIENT CHECK, and it is not optional: server-verified is not client-running.
Hard-refresh the app and confirm the console prints
   [DAC dashboard] build fecd8c1540
If it prints anything else, the browser is holding an older app.js.

WHAT TO VERIFY, CLCPA-234. The dialog is ADD DATA and does two things.

THE NAME:
  1. the page button reads Add Data, and so does the dialog it opens.

THE EXISTING-YEAR CASE, which is new:
  2. stand on a year that EXISTS, say 2025, and open Add Data. The year
     field must pre-fill 2025 -- the year you were on, NOT the next
     unused one -- and the line under it must read
        2025 already exists. Values will load into the editor as a
        draft. Nothing is created.
     with the button reading LOAD DATA. That opening state is the one
     that was wrong mid-build, so it is worth a careful look.
  3. press Load Data. The table-year loads into the editor. The year
     selector must NOT gain a year: nothing was created.
  4. do it again with a CSV staged: the values land in the draft and
     the panel appears. Still no year created.

THE NEW-YEAR CASE, unchanged:
  5. type a year that does not exist. The line must switch to
        <year> is new. It will be created and added to the year
        selector everywhere.
     and the button to ADD YEAR, as you type, without losing focus.
  6. press it: the year is created and the page lands on it, exactly as
     it did before today.
  7. an invalid year still refuses with a named error and creates
     nothing.

THE SLIM SUCCESS PANEL:
  8. after any successful import the panel is TWO LINES:
        Imported into the draft: N cells
        Review the values below, then press Save. Nothing has been
        saved yet.
     No rows-added list, no not-touched list. The filled table is right
     below it.
  9. a REJECTION is unchanged and still long: import the mis-encoded
     file, or one with a duplicated program name, and the panel names
     the reason in full.

AND CLCPA-235 MUST STILL HOLD, since both tickets touch this dialog:
 10. the new-year-plus-staged-file repro from your last pass still ends
     with the rows filled in and a panel on screen.

=== log written by deploy_234.js ===
