=== ExecutiveDashboard_dev -> cr2bf_dactest deploy ===
org: https://org9076e69b.crm.dynamics.com
slice: CLCPA-238 A7 shape (title-year null, kpis proven, 0.88 probe armed)
files: app.js, styles.css, ExecutiveDashboard.html

PRE-FLIGHT 0  this script self-checks: helpers present, constants set, 3 resources.
PRE-FLIGHT 1  branch = main, HEAD = 49f7015
              source folder clean, so the pushed bytes are exactly 49f7015.
PRE-FLIGHT 2  app.js parses.
PRE-FLIGHT 2b every ticket s suite passes against these exact bytes: engine=130, ui=221, xlsx=265, 230=210, 226=195, 235=74, 234=101, badge=115, derive_charts=46, derive_kpis=21, gen_seed=20, composer=111, diag_shadow_baseline=15
PRE-FLIGHT 3  BUILD IDS (content hashes; the client must report the app.js one):
                 app.js      6814161d39
                 styles.css  7a4fdb1244
              -> ExecutiveDashboard.html references them as ?v=<id>
              -> app.js will print "[DAC dashboard] build 6814161d39" at boot
PRE-FLIGHT 4  stamps applied in memory (nothing on disk is modified).

Nothing above touched the network. Requesting the device code now.


################  ACTION NEEDED  ################
  Open:  https://login.microsoft.com/device
  Code:  AX8QH2833
#################################################

Waiting for authorization (up to 15 min)...
Authorized.

WhoAmI UserId = 44d1f3d9-8f03-f111-8408-00224831be5d
signed in as: Emely Gabriela Rodriguez Severino <Emely@clarafortuna.com>

id 79151fe9-3c64-f111-ab0c-7c1e521c7110 resolves to: cr2bf_dactest/app.js
id 7b151fe9-3c64-f111-ab0c-7c1e521c7110 resolves to: cr2bf_dactest/styles.css
id 77151fe9-3c64-f111-ab0c-7c1e521c7110 resolves to: cr2bf_dactest/ExecutiveDashboard.html
GATE  all three ids resolve to the expected names.

WILL PUSH  app.js   deployed=1080157B  local=1083641B
unchanged  styles.css   deployed=269588B  local=269588B
WILL PUSH  ExecutiveDashboard.html   deployed=4080B  local=4080B
PROVENANCE  archived app.js: stamped "d710e3bfda", derives to d710e3bfda
            previous deploy recorded d710e3bfda -> MATCH: this folder holds that build

BACKUP  live bytes archived to deploy-backups/2026-09-08-clcpa238-a7-shape/
        2 of 3 will be replaced: app.js, ExecutiveDashboard.html

PATCH webresourceset(79151fe9-3c64-f111-ab0c-7c1e521c7110)  <- app.js (1083641B)
PATCH webresourceset(77151fe9-3c64-f111-ab0c-7c1e521c7110)  <- ExecutiveDashboard.html (4080B)
POST PublishXml for 2 resource(s)
published.

READ-BACK app.js  1083641B  sha256 2ece87b143b584ef...  VERIFIED byte-identical
READ-BACK styles.css  269588B  sha256 7a4fdb124415b137...  VERIFIED byte-identical
READ-BACK ExecutiveDashboard.html  4080B  sha256 5ca96e42e3386c6c...  VERIFIED byte-identical

=== DEPLOY COMPLETE ===
build id (app.js): 6814161d39
styles.css id    : 7a4fdb1244
source           : ExecutiveDashboard_dev/ at main @ 49f7015
requests: GET 11, PATCH 2, POST 1

CLIENT CHECK, and it is not optional: server-verified is not client-running.
Hard-refresh the app and confirm the console prints
   [DAC dashboard] build 6814161d39
If it prints anything else, the browser is holding an older app.js.

WHAT TO VERIFY. THE NUMBER IS 3, and this time the two differing
coordinates are predicted CHARACTER FOR CHARACTER.

Console open BEFORE loading, then hard-refresh. Confirm build 6814161d39.

THE EXPECTED LINES, verbatim:

  [CLCPA-238] shadow: 3 of 5 parts match (NNN ms to compose)
      kpis   .analytical[0].values.2023.value: 0.40187390224139746 vs
             0.40086117669449034
      charts .A1_programs.values.2023[0].dac_pct: 0.4336221487959886 vs
             0.43

  1. THE NUMBER IS 3. meta, sections AND tables match, so the console
     names exactly two parts. TABLES matching is the fix under test:
     last read it named tables at .A7.data.2023 undefined vs null, and
     if it names tables again STOP -- that would mean the shape fix did
     not take.
  2. THE TWO COORDINATES ARE THE ONES YOU ALREADY SAW. Both digits
     strings should match what you pasted, exactly. A DIFFERENT value
     at the same coordinate is a finding; a different coordinate is a
     finding. Either way, stop and paste it.
  3. THE ms FIGURE: 229 at step 5, 242 after the derive engine. This
     round adds only the null branch and the probe, so it should sit
     near 242. I have no browser measurement, so your number is it.

THE PROBE, ARMED NOT FORCED, per your ruling:
  4. it prints ONLY when tables differs. On the expected read tables
     MATCHES, so you should see NO probe line. Its absence is the
     fix working, not the probe failing.
  5. if a probe line DOES appear it will read
        probe: overrides in cache = N
        probe: A1:2025[0][3]  cache=..  payload=..  composed=..
     which is what settles the 0.88 question. Paste it whole.

THE PAGE, unchanged as always:
  6. payload.json is STILL the source; the flag ships as payload. Every
     table, chart and KPI card reads as before, 2099 still in the year
     selector, no uncaught error, no toast.

YOUR CLEAN READ IS THE LAST GATE BEFORE STEP 6.

=== log written by deploy_a7.js ===
