=== ExecutiveDashboard_dev -> cr2bf_dactest deploy ===
org: https://org9076e69b.crm.dynamics.com
slice: CLCPA-226 (ten native tooltips become the app s own styled one)
files: app.js, styles.css, ExecutiveDashboard.html

PRE-FLIGHT 0  this script self-checks: helpers present, constants set, 3 resources.
PRE-FLIGHT 1  branch = main, HEAD = 0cda80b
              source folder clean, so the pushed bytes are exactly 0cda80b.
PRE-FLIGHT 2  app.js parses.
PRE-FLIGHT 2b all three tickets suites pass against these exact bytes: engine=125, ui=219, xlsx=265, 230=210, 226=133
PRE-FLIGHT 3  BUILD IDS (content hashes; the client must report the app.js one):
                 app.js      0eaf276305
                 styles.css  0e597e97b7
              -> ExecutiveDashboard.html references them as ?v=<id>
              -> app.js will print "[DAC dashboard] build 0eaf276305" at boot
PRE-FLIGHT 4  stamps applied in memory (nothing on disk is modified).

Nothing above touched the network. Requesting the device code now.


################  ACTION NEEDED  ################
  Open:  https://login.microsoft.com/device
  Code:  AU5P74M9V
#################################################

Waiting for authorization (up to 15 min)...
Authorized.

WhoAmI UserId = 44d1f3d9-8f03-f111-8408-00224831be5d
signed in as: Emely Gabriela Rodriguez Severino <Emely@clarafortuna.com>

id 79151fe9-3c64-f111-ab0c-7c1e521c7110 resolves to: cr2bf_dactest/app.js
id 7b151fe9-3c64-f111-ab0c-7c1e521c7110 resolves to: cr2bf_dactest/styles.css
id 77151fe9-3c64-f111-ab0c-7c1e521c7110 resolves to: cr2bf_dactest/ExecutiveDashboard.html
GATE  all three ids resolve to the expected names.

WILL PUSH  app.js   deployed=1025261B  local=1030377B
WILL PUSH  styles.css   deployed=267898B  local=268671B
WILL PUSH  ExecutiveDashboard.html   deployed=4080B  local=4080B
PROVENANCE  archived app.js: stamped "5b044d5ccc", derives to 5b044d5ccc
            previous deploy recorded 5b044d5ccc -> MATCH: this folder holds that build

BACKUP  live bytes archived to deploy-backups/2026-09-07-clcpa-226-styled-tooltips/
        3 of 3 will be replaced: app.js, styles.css, ExecutiveDashboard.html

PATCH webresourceset(79151fe9-3c64-f111-ab0c-7c1e521c7110)  <- app.js (1030377B)
PATCH webresourceset(7b151fe9-3c64-f111-ab0c-7c1e521c7110)  <- styles.css (268671B)
PATCH webresourceset(77151fe9-3c64-f111-ab0c-7c1e521c7110)  <- ExecutiveDashboard.html (4080B)
POST PublishXml for 3 resource(s)
published.

READ-BACK app.js  1030377B  sha256 f2185d1c62f63034...  VERIFIED byte-identical
READ-BACK styles.css  268671B  sha256 0e597e97b7864c59...  VERIFIED byte-identical
READ-BACK ExecutiveDashboard.html  4080B  sha256 50c98e68ffc9852c...  VERIFIED byte-identical

=== DEPLOY COMPLETE ===
build id (app.js): 0eaf276305
styles.css id    : 0e597e97b7
source           : ExecutiveDashboard_dev/ at main @ 0cda80b
requests: GET 11, PATCH 3, POST 1

CLIENT CHECK, and it is not optional: server-verified is not client-running.
Hard-refresh the app and confirm the console prints
   [DAC dashboard] build 0eaf276305
If it prints anything else, the browser is holding an older app.js.

WHAT TO VERIFY, CLCPA-226. Ten controls stop using the BROWSER-NATIVE
tooltip and start using the dashboard s own. The tell: the native one
is a small pale system box that appears after a delay and can sit
outside the page; the app s own is a white card with a thin border and
the app s font, and it appears at once.

HOVER each of these and confirm it is the app s card, not the system box:
  1. the (i) on the Map Data family tabs  -> Data Source
  2. Clear all, on the DAC map            -> Reset borough and
                                             neighborhood filters
  3. Export, on the DAC map               -> Export the tracts in the
                                             current scope as CSV
  4. a borough row in the map dropdown    -> Select all in <borough>
  5. the X on the Data Sources page       -> Close Data Sources and
                                             return to <tab>
  6. the x on an editor row               -> Delete row
  7. Remove <year>, when a user-added year is selected
                                          -> Remove <year> from the
                                             Dashboard
  8. the * beside Source and publication  -> Required to save
  9. a saved-layer switch as a READ-ONLY user
                                          -> You have read-only access
 10. the fixed top class in Map Layers    -> The top class ends at the
                                             data maximum

THE KEYBOARD, which is the point of the ticket. A native title NEVER
appeared on focus, so these were mouse-only:
 11. TAB to the (i) and to an editor row s x. The tooltip must appear
     on focus, with the same words, and go on blur.
 12. ESCAPE dismisses it.

WHAT MUST NOT HAVE CHANGED:
 13. hover a long bar label, a long table label, and a history
     timestamp: these KEEP the native tooltip, ruled, because for
     clipped text the browser shows the full string where it is cut.
 14. a layer error chip keeps its native tooltip too: an error s
     surface is the panel and the toast, not a hover.

ONE VISUAL CHANGE, and it is deliberate:
 15. the DAC MAP tract tooltip s drop shadow moves from black to the
     ink token. Its class was declared twice and the black shadow was
     winning by cascade; there is one declaration now. Same size, same
     border, slightly warmer shadow.

=== log written by deploy_226.js ===
