=== ExecutiveDashboard_dev -> cr2bf_dactest deploy ===
org: https://org9076e69b.crm.dynamics.com
slice: CLCPA-230 round 2 (modal titles in title case; site 1 says Activate)
files: app.js, styles.css, ExecutiveDashboard.html

PRE-FLIGHT 0  this script self-checks: helpers present, constants set, 3 resources.
PRE-FLIGHT 1  branch = main, HEAD = 3d478f0
              source folder clean, so the pushed bytes are exactly 3d478f0.
PRE-FLIGHT 2  app.js parses.
PRE-FLIGHT 2b both tickets suites pass against these exact bytes: engine=125, ui=219, xlsx=265, 230=210
PRE-FLIGHT 3  BUILD IDS (content hashes; the client must report the app.js one):
                 app.js      5b044d5ccc
                 styles.css  a118b50c05
              -> ExecutiveDashboard.html references them as ?v=<id>
              -> app.js will print "[DAC dashboard] build 5b044d5ccc" at boot
PRE-FLIGHT 4  stamps applied in memory (nothing on disk is modified).

Nothing above touched the network. Requesting the device code now.


################  ACTION NEEDED  ################
  Open:  https://login.microsoft.com/device
  Code:  EDM2PJFKG
#################################################

Waiting for authorization (up to 15 min)...
Authorized.

WhoAmI UserId = 44d1f3d9-8f03-f111-8408-00224831be5d
signed in as: Emely Gabriela Rodriguez Severino <Emely@clarafortuna.com>

id 79151fe9-3c64-f111-ab0c-7c1e521c7110 resolves to: cr2bf_dactest/app.js
id 7b151fe9-3c64-f111-ab0c-7c1e521c7110 resolves to: cr2bf_dactest/styles.css
id 77151fe9-3c64-f111-ab0c-7c1e521c7110 resolves to: cr2bf_dactest/ExecutiveDashboard.html
GATE  all three ids resolve to the expected names.

WILL PUSH  app.js   deployed=1024512B  local=1025261B
unchanged  styles.css   deployed=267898B  local=267898B
WILL PUSH  ExecutiveDashboard.html   deployed=4080B  local=4080B
PROVENANCE  archived app.js: stamped "12ecdc59f9", derives to 12ecdc59f9
            previous deploy recorded 12ecdc59f9 -> MATCH: this folder holds that build

BACKUP  live bytes archived to deploy-backups/2026-09-07-clcpa-230-round2-title-case/
        2 of 3 will be replaced: app.js, ExecutiveDashboard.html

PATCH webresourceset(79151fe9-3c64-f111-ab0c-7c1e521c7110)  <- app.js (1025261B)
PATCH webresourceset(77151fe9-3c64-f111-ab0c-7c1e521c7110)  <- ExecutiveDashboard.html (4080B)
POST PublishXml for 2 resource(s)
published.

READ-BACK app.js  1025261B  sha256 853819df9875a588...  VERIFIED byte-identical
READ-BACK styles.css  267898B  sha256 a118b50c055bf705...  VERIFIED byte-identical
READ-BACK ExecutiveDashboard.html  4080B  sha256 c07cd618e2ef4e49...  VERIFIED byte-identical

=== DEPLOY COMPLETE ===
build id (app.js): 5b044d5ccc
styles.css id    : a118b50c05
source           : ExecutiveDashboard_dev/ at main @ 3d478f0
requests: GET 11, PATCH 2, POST 1

CLIENT CHECK, and it is not optional: server-verified is not client-running.
Hard-refresh the app and confirm the console prints
   [DAC dashboard] build 5b044d5ccc
If it prints anything else, the browser is holding an older app.js.

WHAT TO VERIFY, CLCPA-230 round 2. COPY ONLY: no behaviour changed, so
the round 1 pass still stands. This is a read of six strings.

ON REPORT DATA, open each modal and read its TITLE:
  1. edit a cell then switch Section, Year or a source table tab, and
     press Reset: all four say
        Discard Unsaved Changes?
     with Keep Editing / Discard Changes unchanged.
  2. Remove Year on a user-added year:
        Remove <year> from the Dashboard?
     `from` and `the` stay LOWERCASE: that is the ruling, not a typo.
  3. delete a row:
        Delete This Row?
  4. the BODY text inside all of them stays sentence case, and the
     buttons are unchanged.

ON DATA SOURCES, site 1, the verb:
  5. switch a tract dataset ON. It must now read
        Activate <name> <version>?
     with the button Activate <name> <version>, and in the body
        This retires N active version(s):
     The dataset NAME keeps its own casing from Dataverse (DAC tracts,
     lowercase t): it is a record, not our copy, and is left alone.
  6. the warning This changes what everyone sees on the map. is STILL
     there. It carries the consequence the old verb was carrying.
  7. Cancel must still leave the toggle OFF and activate nothing.

=== log written by deploy_230r2.js ===
