=== ExecutiveDashboard_dev -> cr2bf_dactest deploy ===
org:     https://org9076e69b.crm.dynamics.com
slice:   the Data Sources family tabs drop the DELIVERED BY and UPDATE CADENCE placeholder rows, and the origin block closes up without them -- CLCPA-280
files:   app.js, styles.css, ExecutiveDashboard.html

PRE-FLIGHT 0  self-check: helpers present, 1 declared tickets, 1 commits, 3 resources,
              3 app symbols across 1 tickets + 1 stylesheet symbols across 1.
              PROSE AUDIT: no undeclared build id, commit or ticket anywhere in this file.
PRE-FLIGHT 1  branch = main, HEAD = ca60e4e
              source folder clean, so the pushed bytes are exactly ca60e4e.
              ancestor: 0d13eee  the two placeholder origin rows, with the renderer branch and the rule that painted them
              local main == remote main == ca60e4e.
              HEAD is the merge commit the ids were derived from.
PRE-FLIGHT 2  app.js parses.
PRE-FLIGHT 3  BUILD IDS (content hashes; the client must report the app.js one):
                 app.js      22d065d93a
                 styles.css  4993f5eee9
              both match what DEPLOY declares for this wave.
              ok  CLCPA-280
PRE-FLIGHT 3b all 1 ticket groups verified in the COMMITTED BLOB (3 symbols), 0 NUL bytes.
              ok  CLCPA-280  (stylesheet)
              and the STYLESHEET half: 1 symbols across 1 ticket group(s) verified in the committed styles.css.
PRE-FLIGHT 3c all 104 suites green, 7250 assertions.
PRE-FLIGHT 3d snapshot directory is absent, so the archive will be created.
PRE-FLIGHT 4  stamps applied in memory, both present, no stale third stamp.
              Nothing on disk is modified.

Nothing above touched the network. Requesting the device code now.


################  ACTION NEEDED  ################
  Open:  https://login.microsoft.com/device
  Code:  BPK3BYD83
#################################################

Waiting for authorization (up to 15 min)...
Authorized.

signed in as: Emely Gabriela Rodriguez Severino <Emely@clarafortuna.com>

id 79151fe9-3c64-f111-ab0c-7c1e521c7110 resolves to: cr2bf_dactest/app.js
id 7b151fe9-3c64-f111-ab0c-7c1e521c7110 resolves to: cr2bf_dactest/styles.css
id 77151fe9-3c64-f111-ab0c-7c1e521c7110 resolves to: cr2bf_dactest/ExecutiveDashboard.html
GATE  all three ids resolve to the expected names.

WILL PUSH  app.js   deployed=1403976B  local=1404406B
WILL PUSH  styles.css   deployed=286482B  local=286310B
WILL PUSH  ExecutiveDashboard.html   deployed=4080B  local=4080B  (same length, different bytes)

PRE-FLIGHT 3b DIFFERENTIAL, live org bytes against the merged tree:
  app.js                    MOVES  1403976B -> 1404406B
      live 0ac991b50337a8fc   new 9355d8b0e2cd6472
  styles.css                MOVES  286482B -> 286310B
      live e6de22bc37f1fa3b   new 4993f5eee9add026
  ExecutiveDashboard.html   MOVES  4080B -> 4080B
      live b7f60ffd3d5ea30b   new 39d00097a49fec6a
  what moves: app.js, styles.css, ExecutiveDashboard.html

PROVENANCE of the archive, read from the ORG:
  app.js APP_BUILD stamp        : 0067415e4f
  app.js canonicalised + hashed : 0067415e4f
  expected previous app.js      : 0067415e4f
  styles.css LIVE (to replace)  : e6de22bc37   expected e6de22bc37
  -> all agree. The archive holds 0067415e4f + e6de22bc37.

        3 of 3 will be replaced: app.js, styles.css, ExecutiveDashboard.html

