=== ExecutiveDashboard_dev -> cr2bf_dactest deploy ===
org:     https://org9076e69b.crm.dynamics.com
slice:   the round-3 wave -- CLCPA-252 round 3, CLCPA-266
files:   app.js, styles.css, ExecutiveDashboard.html

PRE-FLIGHT 0  self-check: helpers present, 2 declared tickets, 4 commits, 3 resources,
              12 app symbols + 7 stylesheet symbols.
              PROSE AUDIT: no undeclared build id, commit or ticket anywhere in this file.
PRE-FLIGHT 1  branch = main, HEAD = 5478ed6
              source folder clean, so the pushed bytes are exactly 5478ed6.
              ancestor: 201d566  CLCPA-252 round 3: no caption carries a year
              ancestor: c732504  CLCPA-266: the notice boxes
              ancestor: 0b5c385  CLCPA-266: main brought into the branch
              ancestor: 07a9eeb  CLCPA-266: the merge collateral
              local main == remote main == 5478ed6.
              HEAD is the merge commit the ids were derived from.
PRE-FLIGHT 2  app.js parses.
PRE-FLIGHT 3  BUILD IDS (content hashes; the client must report the app.js one):
                 app.js      804f35afc7
                 styles.css  04471d05bf
              both match what DEPLOY declares for this wave.
              ok  CLCPA-252 round 3
              ok  CLCPA-266
PRE-FLIGHT 3b all 2 ticket groups verified in the COMMITTED BLOB (12 symbols), 0 NUL bytes.
              and the STYLESHEET half: 7 symbols verified in the committed styles.css.
PRE-FLIGHT 3c all 43 suites green, 4615 assertions.
PRE-FLIGHT 3d snapshot directory is absent, so the archive will be created.
PRE-FLIGHT 4  stamps applied in memory, both present, no stale third stamp.
              Nothing on disk is modified.

Nothing above touched the network. Requesting the device code now.


################  ACTION NEEDED  ################
  Open:  https://login.microsoft.com/device
  Code:  A53P42QRY
#################################################

Waiting for authorization (up to 15 min)...
Authorized.

signed in as: Emely Gabriela Rodriguez Severino <Emely@clarafortuna.com>

id 79151fe9-3c64-f111-ab0c-7c1e521c7110 resolves to: cr2bf_dactest/app.js
id 7b151fe9-3c64-f111-ab0c-7c1e521c7110 resolves to: cr2bf_dactest/styles.css
id 77151fe9-3c64-f111-ab0c-7c1e521c7110 resolves to: cr2bf_dactest/ExecutiveDashboard.html
GATE  all three ids resolve to the expected names.

WILL PUSH  app.js   deployed=1197009B  local=1202421B
WILL PUSH  styles.css   deployed=281482B  local=283879B
WILL PUSH  ExecutiveDashboard.html   deployed=4080B  local=4080B  (same length, different bytes)

PROVENANCE of the archive, read from the ORG:
  app.js APP_BUILD stamp        : b1108e5fcf
  app.js canonicalised + hashed : b1108e5fcf
  expected previous app.js      : b1108e5fcf
  styles.css LIVE (to replace)  : 25ca2005dc   expected 25ca2005dc
  -> all agree. The archive holds b1108e5fcf + 25ca2005dc.

        3 of 3 will be replaced: app.js, styles.css, ExecutiveDashboard.html

