=== ExecutiveDashboard_dev -> cr2bf_dactest deploy ===
org:     https://org9076e69b.crm.dynamics.com
slice:   the fourteen section-page chart tooltips stop hiding as the pointer travels inside a row, stay on screen at the viewport edge, and none of them outlives the rows it describes -- CLCPA-247
files:   app.js, styles.css, ExecutiveDashboard.html

PRE-FLIGHT 0  self-check: helpers present, 1 declared tickets, 1 commits, 3 resources,
              5 app symbols across 1 tickets + 0 stylesheet symbols across 0.
              PROSE AUDIT: no undeclared build id, commit or ticket anywhere in this file.
PRE-FLIGHT 1  branch = main, HEAD = 4d10429
              source folder clean, so the pushed bytes are exactly 4d10429.
              ancestor: e1f191d  the fourteen positioners routed through the shared clamp, their surfaces registered with the delegated handler, and the section render path given the hide
              local main == remote main == 4d10429.
              HEAD is the merge commit the ids were derived from.
PRE-FLIGHT 2  app.js parses.
PRE-FLIGHT 3  BUILD IDS (content hashes; the client must report the app.js one):
                 app.js      670da36609
                 styles.css  4993f5eee9
              both match what DEPLOY declares for this wave.
              ok  CLCPA-247
PRE-FLIGHT 3b all 1 ticket groups verified in the COMMITTED BLOB (5 symbols), 0 NUL bytes.
              and the STYLESHEET half: 0 symbols across 0 ticket group(s) verified in the committed styles.css.
PRE-FLIGHT 3c all 106 suites green, 7497 assertions.
PRE-FLIGHT 3d snapshot directory is absent, so the archive will be created.
PRE-FLIGHT 4  stamps applied in memory, both present, no stale third stamp.
              Nothing on disk is modified.

Nothing above touched the network. Requesting the device code now.


################  ACTION NEEDED  ################
  Open:  https://login.microsoft.com/device
  Code:  B9W2CD7TU
#################################################

Waiting for authorization (up to 15 min)...
Authorized.

signed in as: Emely Gabriela Rodriguez Severino <Emely@clarafortuna.com>

id 79151fe9-3c64-f111-ab0c-7c1e521c7110 resolves to: cr2bf_dactest/app.js
id 7b151fe9-3c64-f111-ab0c-7c1e521c7110 resolves to: cr2bf_dactest/styles.css
id 77151fe9-3c64-f111-ab0c-7c1e521c7110 resolves to: cr2bf_dactest/ExecutiveDashboard.html
GATE  all three ids resolve to the expected names.

WILL PUSH  app.js   deployed=1404406B  local=1406872B
unchanged  styles.css   deployed=286310B  local=286310B
WILL PUSH  ExecutiveDashboard.html   deployed=4080B  local=4080B  (same length, different bytes)

PRE-FLIGHT 3b DIFFERENTIAL, live org bytes against the merged tree:
  app.js                    MOVES  1404406B -> 1406872B
      live 9355d8b0e2cd6472   new 8805e47b81de6fe6
  styles.css                same   286310B -> 286310B
      live 4993f5eee9add026   new 4993f5eee9add026
  ExecutiveDashboard.html   MOVES  4080B -> 4080B
      live 39d00097a49fec6a   new e7a06592242299ad
  what moves: app.js, ExecutiveDashboard.html

PROVENANCE of the archive, read from the ORG:
  app.js APP_BUILD stamp        : 22d065d93a
  app.js canonicalised + hashed : 22d065d93a
  expected previous app.js      : 22d065d93a
  styles.css LIVE (to replace)  : 4993f5eee9   expected 4993f5eee9
  -> all agree. The archive holds 22d065d93a + 4993f5eee9.

        2 of 3 will be replaced: app.js, ExecutiveDashboard.html

