=== ExecutiveDashboard_dev -> cr2bf_dactest deploy ===
org:     https://org9076e69b.crm.dynamics.com
slice:   a filed column total reaches the kept-figure contract through the import path and a refusal is never silent, and the confirm buttons name is derived once instead of written out twice -- CLCPA-303, CLCPA-307
files:   app.js, styles.css, ExecutiveDashboard.html

PRE-FLIGHT 0  self-check: helpers present, 2 declared tickets, 2 commits, 3 resources,
              9 app symbols across 2 tickets + 0 stylesheet symbols across 0.
              PROSE AUDIT: no undeclared build id, commit or ticket anywhere in this file.
PRE-FLIGHT 1  branch = main, HEAD = db895b6
              source folder clean, so the pushed bytes are exactly db895b6.
              ancestor: 74938f5  the kept-figure contract reaches the column axis
              ancestor: 40e8fd2  the confirm button names itself once
              local main == remote main == db895b6.
              HEAD is the merge commit the ids were derived from.
PRE-FLIGHT 2  app.js parses.
PRE-FLIGHT 3  BUILD IDS (content hashes; the client must report the app.js one):
                 app.js      ec57405193
                 styles.css  9039bfc509
              both match what DEPLOY declares for this wave.
              ok  CLCPA-303
              ok  CLCPA-307
PRE-FLIGHT 3b all 2 ticket groups verified in the COMMITTED BLOB (9 symbols), 0 NUL bytes.
              and the STYLESHEET half: 0 symbols across 0 ticket group(s) verified in the committed styles.css.
PRE-FLIGHT 3c all 98 suites green, 7057 assertions.
PRE-FLIGHT 3d snapshot directory is absent, so the archive will be created.
PRE-FLIGHT 4  stamps applied in memory, both present, no stale third stamp.
              Nothing on disk is modified.

Nothing above touched the network. Requesting the device code now.


################  ACTION NEEDED  ################
  Open:  https://login.microsoft.com/device
  Code:  EXXRCVFYE
#################################################

Waiting for authorization (up to 15 min)...
Authorized.

signed in as: Emely Gabriela Rodriguez Severino <Emely@clarafortuna.com>

id 79151fe9-3c64-f111-ab0c-7c1e521c7110 resolves to: cr2bf_dactest/app.js
id 7b151fe9-3c64-f111-ab0c-7c1e521c7110 resolves to: cr2bf_dactest/styles.css
id 77151fe9-3c64-f111-ab0c-7c1e521c7110 resolves to: cr2bf_dactest/ExecutiveDashboard.html
GATE  all three ids resolve to the expected names.

WILL PUSH  app.js   deployed=1384312B  local=1394600B
unchanged  styles.css   deployed=286866B  local=286866B
WILL PUSH  ExecutiveDashboard.html   deployed=4080B  local=4080B  (same length, different bytes)

PRE-FLIGHT 3b DIFFERENTIAL, live org bytes against the merged tree:
  app.js                    MOVES  1384312B -> 1394600B
      live 841a5015df8a59d9   new 0aca97d75b3d08eb
  styles.css                same   286866B -> 286866B
      live 9039bfc5093de9cc   new 9039bfc5093de9cc
  ExecutiveDashboard.html   MOVES  4080B -> 4080B
      live 592a072bd18657cd   new 58cdf17acf282714
  what moves: app.js, ExecutiveDashboard.html

PROVENANCE of the archive, read from the ORG:
  app.js APP_BUILD stamp        : 33f7d69a27
  app.js canonicalised + hashed : 33f7d69a27
  expected previous app.js      : 33f7d69a27
  styles.css LIVE (to replace)  : 9039bfc509   expected 9039bfc509
  -> all agree. The archive holds 33f7d69a27 + 9039bfc509.

        2 of 3 will be replaced: app.js, ExecutiveDashboard.html

